MemTotal:        1873544 kB
MemFree:         1009280 kB
MemAvailable:    1171532 kB
Buffers:             124 kB
Cached:           282568 kB
SwapCached:         8916 kB
Active:           395124 kB
Inactive:         255888 kB
Active(anon):     191728 kB
Inactive(anon):   191116 kB
Active(file):     203396 kB
Inactive(file):    64772 kB
Unevictable:           0 kB
Mlocked:               0 kB
SwapTotal:       2170876 kB
SwapFree:        1654012 kB
Dirty:                20 kB
Writeback:             0 kB
AnonPages:        361232 kB
Mapped:            79288 kB
Shmem:             14524 kB
KReclaimable:      50164 kB
Slab:             126584 kB
SReclaimable:      50164 kB
SUnreclaim:        76420 kB
KernelStack:        7456 kB
PageTables:        19024 kB
NFS_Unstable:          0 kB
Bounce:                0 kB
WritebackTmp:          0 kB
CommitLimit:     3107648 kB
Committed_AS:    3709816 kB
VmallocTotal:   34359738367 kB
VmallocUsed:           0 kB
VmallocChunk:          0 kB
HardwareCorrupted:     0 kB
AnonHugePages:    135168 kB
ShmemHugePages:        0 kB
ShmemPmdMapped:        0 kB
HugePages_Total:       0
HugePages_Free:        0
HugePages_Rsvd:        0
HugePages_Surp:        0
Hugepagesize:       2048 kB
Hugetlb:               0 kB
DirectMap4k:      466880 kB
DirectMap2M:     1630208 kB
