MemTotal:        1873544 kB
MemFree:          739288 kB
MemAvailable:    1415232 kB
Buffers:             148 kB
Cached:           796560 kB
SwapCached:         8660 kB
Active:           640612 kB
Inactive:         263120 kB
Active(anon):      65276 kB
Inactive(anon):    61896 kB
Active(file):     575336 kB
Inactive(file):   201224 kB
Unevictable:           0 kB
Mlocked:               0 kB
SwapTotal:       2170876 kB
SwapFree:        1704416 kB
Dirty:               108 kB
Writeback:             0 kB
AnonPages:         98964 kB
Mapped:            96624 kB
Shmem:             20148 kB
KReclaimable:      60764 kB
Slab:             140420 kB
SReclaimable:      60764 kB
SUnreclaim:        79656 kB
KernelStack:        7136 kB
PageTables:        18424 kB
NFS_Unstable:          0 kB
Bounce:                0 kB
WritebackTmp:          0 kB
CommitLimit:     3107648 kB
Committed_AS:    3074824 kB
VmallocTotal:   34359738367 kB
VmallocUsed:           0 kB
VmallocChunk:          0 kB
HardwareCorrupted:     0 kB
AnonHugePages:     49152 kB
ShmemHugePages:        0 kB
ShmemPmdMapped:        0 kB
HugePages_Total:       0
HugePages_Free:        0
HugePages_Rsvd:        0
HugePages_Surp:        0
Hugepagesize:       2048 kB
Hugetlb:               0 kB
DirectMap4k:      196544 kB
DirectMap2M:     1900544 kB
