MemTotal:        1873544 kB
MemFree:          186552 kB
MemAvailable:     997744 kB
Buffers:             152 kB
Cached:           921728 kB
SwapCached:         5144 kB
Active:           832764 kB
Inactive:         612704 kB
Active(anon):     263344 kB
Inactive(anon):   275916 kB
Active(file):     569420 kB
Inactive(file):   336788 kB
Unevictable:           0 kB
Mlocked:               0 kB
SwapTotal:       2170876 kB
SwapFree:        2144076 kB
Dirty:               116 kB
Writeback:             0 kB
AnonPages:        517144 kB
Mapped:           102632 kB
Shmem:             15676 kB
KReclaimable:      71964 kB
Slab:             146212 kB
SReclaimable:      71964 kB
SUnreclaim:        74248 kB
KernelStack:        7040 kB
PageTables:        17144 kB
NFS_Unstable:          0 kB
Bounce:                0 kB
WritebackTmp:          0 kB
CommitLimit:     3107648 kB
Committed_AS:    3130080 kB
VmallocTotal:   34359738367 kB
VmallocUsed:           0 kB
VmallocChunk:          0 kB
HardwareCorrupted:     0 kB
AnonHugePages:    415744 kB
ShmemHugePages:        0 kB
ShmemPmdMapped:        0 kB
HugePages_Total:       0
HugePages_Free:        0
HugePages_Rsvd:        0
HugePages_Surp:        0
Hugepagesize:       2048 kB
Hugetlb:               0 kB
DirectMap4k:      157632 kB
DirectMap2M:     1939456 kB
