MemTotal:        1873544 kB
MemFree:          580056 kB
MemAvailable:    1365140 kB
Buffers:             124 kB
Cached:           904232 kB
SwapCached:         9376 kB
Active:           642888 kB
Inactive:         371428 kB
Active(anon):      54060 kB
Inactive(anon):    86376 kB
Active(file):     588828 kB
Inactive(file):   285052 kB
Unevictable:           0 kB
Mlocked:               0 kB
SwapTotal:       2170876 kB
SwapFree:        1641724 kB
Dirty:                24 kB
Writeback:             0 kB
AnonPages:        102796 kB
Mapped:            70872 kB
Shmem:             30476 kB
KReclaimable:      84408 kB
Slab:             165260 kB
SReclaimable:      84408 kB
SUnreclaim:        80852 kB
KernelStack:        7200 kB
PageTables:        18420 kB
NFS_Unstable:          0 kB
Bounce:                0 kB
WritebackTmp:          0 kB
CommitLimit:     3107648 kB
Committed_AS:    3139140 kB
VmallocTotal:   34359738367 kB
VmallocUsed:           0 kB
VmallocChunk:          0 kB
HardwareCorrupted:     0 kB
AnonHugePages:     36864 kB
ShmemHugePages:        0 kB
ShmemPmdMapped:        0 kB
HugePages_Total:       0
HugePages_Free:        0
HugePages_Rsvd:        0
HugePages_Surp:        0
Hugepagesize:       2048 kB
Hugetlb:               0 kB
DirectMap4k:      520128 kB
DirectMap2M:     1576960 kB
