MemTotal:        1922004 kB
MemFree:           86516 kB
Buffers:          357460 kB
Cached:           336400 kB
SwapCached:         5316 kB
Active:           879968 kB
Inactive:         641932 kB
Active(anon):     453192 kB
Inactive(anon):   393368 kB
Active(file):     426776 kB
Inactive(file):   248564 kB
Unevictable:           0 kB
Mlocked:               0 kB
SwapTotal:       3145724 kB
SwapFree:        2702348 kB
Dirty:               332 kB
Writeback:             0 kB
AnonPages:        825160 kB
Mapped:            51888 kB
Shmem:             18516 kB
Slab:             253180 kB
SReclaimable:     221248 kB
SUnreclaim:        31932 kB
KernelStack:        4416 kB
PageTables:        20732 kB
NFS_Unstable:          0 kB
Bounce:                0 kB
WritebackTmp:          0 kB
CommitLimit:     4106724 kB
Committed_AS:    2637888 kB
VmallocTotal:   34359738367 kB
VmallocUsed:      150476 kB
VmallocChunk:   34359577192 kB
HardwareCorrupted:     0 kB
AnonHugePages:    604160 kB
HugePages_Total:       0
HugePages_Free:        0
HugePages_Rsvd:        0
HugePages_Surp:        0
Hugepagesize:       2048 kB
DirectMap4k:        8192 kB
DirectMap2M:     2088960 kB
