MemTotal:        2914812 kB
MemFree:          186444 kB
MemAvailable:     524212 kB
Buffers:            1004 kB
Cached:           554828 kB
SwapCached:            0 kB
Active:           379492 kB
Inactive:         243164 kB
Active(anon):     113508 kB
Inactive(anon):    77208 kB
Active(file):     265984 kB
Inactive(file):   165956 kB
Unevictable:           0 kB
Mlocked:               0 kB
SwapTotal:       1679356 kB
SwapFree:        1679356 kB
Dirty:                24 kB
Writeback:             0 kB
AnonPages:         66884 kB
Mapped:            43420 kB
Shmem:            123888 kB
Slab:             120104 kB
SReclaimable:      82044 kB
SUnreclaim:        38060 kB
KernelStack:        2592 kB
PageTables:        10452 kB
NFS_Unstable:          0 kB
Bounce:                0 kB
WritebackTmp:          0 kB
CommitLimit:     3136760 kB
Committed_AS:     938668 kB
VmallocTotal:   34359738367 kB
VmallocUsed:      154948 kB
VmallocChunk:   34359341052 kB
HardwareCorrupted:     0 kB
AnonHugePages:      8192 kB
CmaTotal:              0 kB
CmaFree:               0 kB
HugePages_Total:       0
HugePages_Free:        0
HugePages_Rsvd:        0
HugePages_Surp:        0
Hugepagesize:       2048 kB
DirectMap4k:      122816 kB
DirectMap2M:     3022848 kB
