MemTotal:        2914812 kB
MemFree:          167412 kB
MemAvailable:     507484 kB
Buffers:            1004 kB
Cached:           573156 kB
SwapCached:            0 kB
Active:           387944 kB
Inactive:         253064 kB
Active(anon):     120020 kB
Inactive(anon):    87100 kB
Active(file):     267924 kB
Inactive(file):   165964 kB
Unevictable:           0 kB
Mlocked:               0 kB
SwapTotal:       1679356 kB
SwapFree:        1679356 kB
Dirty:                24 kB
Writeback:             0 kB
AnonPages:         66892 kB
Mapped:            38288 kB
Shmem:            140272 kB
Slab:             120848 kB
SReclaimable:      82760 kB
SUnreclaim:        38088 kB
KernelStack:        2656 kB
PageTables:        10468 kB
NFS_Unstable:          0 kB
Bounce:                0 kB
WritebackTmp:          0 kB
CommitLimit:     3136760 kB
Committed_AS:     955052 kB
VmallocTotal:   34359738367 kB
VmallocUsed:      154948 kB
VmallocChunk:   34359341052 kB
HardwareCorrupted:     0 kB
AnonHugePages:      8192 kB
CmaTotal:              0 kB
CmaFree:               0 kB
HugePages_Total:       0
HugePages_Free:        0
HugePages_Rsvd:        0
HugePages_Surp:        0
Hugepagesize:       2048 kB
DirectMap4k:      122816 kB
DirectMap2M:     3022848 kB
