MemTotal:        1882624 kB
MemFree:         1142852 kB
MemAvailable:    1319152 kB
Buffers:            2108 kB
Cached:           305584 kB
SwapCached:            0 kB
Active:           490652 kB
Inactive:         130176 kB
Active(anon):     313668 kB
Inactive(anon):    11220 kB
Active(file):     176984 kB
Inactive(file):   118956 kB
Unevictable:           0 kB
Mlocked:               0 kB
SwapTotal:       2097148 kB
SwapFree:        2097148 kB
Dirty:                 0 kB
Writeback:             0 kB
AnonPages:        313092 kB
Mapped:            41460 kB
Shmem:             11732 kB
Slab:              45864 kB
SReclaimable:      23052 kB
SUnreclaim:        22812 kB
KernelStack:        3184 kB
PageTables:        21156 kB
NFS_Unstable:          0 kB
Bounce:                0 kB
WritebackTmp:          0 kB
CommitLimit:     3038460 kB
Committed_AS:    1533456 kB
VmallocTotal:   34359738367 kB
VmallocUsed:      152264 kB
VmallocChunk:   34359341052 kB
HardwareCorrupted:     0 kB
AnonHugePages:    200704 kB
CmaTotal:              0 kB
CmaFree:               0 kB
HugePages_Total:       0
HugePages_Free:        0
HugePages_Rsvd:        0
HugePages_Surp:        0
Hugepagesize:       2048 kB
DirectMap4k:       71616 kB
DirectMap2M:     2025472 kB
