MemTotal:        1922004 kB
MemFree:          129328 kB
Buffers:          533624 kB
Cached:           198124 kB
SwapCached:         6344 kB
Active:           947724 kB
Inactive:         509472 kB
Active(anon):     363060 kB
Inactive(anon):   380476 kB
Active(file):     584664 kB
Inactive(file):   128996 kB
Unevictable:           0 kB
Mlocked:               0 kB
SwapTotal:       3145724 kB
SwapFree:        2588440 kB
Dirty:               904 kB
Writeback:             0 kB
AnonPages:        721904 kB
Mapped:            53516 kB
Shmem:             18080 kB
Slab:             275920 kB
SReclaimable:     244188 kB
SUnreclaim:        31732 kB
KernelStack:        4240 kB
PageTables:        20128 kB
NFS_Unstable:          0 kB
Bounce:                0 kB
WritebackTmp:          0 kB
CommitLimit:     4106724 kB
Committed_AS:    2465464 kB
VmallocTotal:   34359738367 kB
VmallocUsed:      150476 kB
VmallocChunk:   34359577192 kB
HardwareCorrupted:     0 kB
AnonHugePages:    481280 kB
HugePages_Total:       0
HugePages_Free:        0
HugePages_Rsvd:        0
HugePages_Surp:        0
Hugepagesize:       2048 kB
DirectMap4k:        8192 kB
DirectMap2M:     2088960 kB
